// Jest Snapshot v1, https://goo.gl/fbAQLP

exports[`<HomePage /> Should display correctly 1`] = `
Array [
  <div
    className="header"
  >
    <img
      alt="banner-img"
      className="contryImg "
      src="backround.e8e3d87f186997fd15d8.png"
    />
  </div>,
  <input
    className="search-input"
    onChange={[Function]}
    placeholder="Search a country here"
    type="text"
    value=""
  />,
  <div
    className="status-bar"
  >
    <h2
      className="country-status"
    >
      Stats by Country
    </h2>
  </div>,
  <div
    className="div"
  >
    <a
      className="container"
      href="/countries/Test Country 1"
      onClick={[Function]}
    >
      <img
        alt="Test Country 1"
        className="flag"
        src="https://test-country-1-flag.png"
      />
      <div
        className="info"
      >
        <h2
          className="name"
        >
          Test Country 1
        </h2>
        <h2
          className="population"
        />
      </div>
    </a>
    <a
      className="container"
      href="/countries/Test Country 2"
      onClick={[Function]}
    >
      <img
        alt="Test Country 2"
        className="flag"
        src="https://test-country-2-flag.png"
      />
      <div
        className="info"
      >
        <h2
          className="name"
        >
          Test Country 2
        </h2>
        <h2
          className="population"
        />
      </div>
    </a>
    <a
      className="container"
      href="/countries/Test Country 3"
      onClick={[Function]}
    >
      <img
        alt="Test Country 3"
        className="flag"
        src="https://test-country-3-flag.png"
      />
      <div
        className="info"
      >
        <h2
          className="name"
        >
          Test Country 3
        </h2>
        <h2
          className="population"
        />
      </div>
    </a>
  </div>,
]
`;

exports[`<HomePage /> Should render correctly 1`] = `
Array [
  <div
    className="header"
  >
    <img
      alt="banner-img"
      className="contryImg "
      src="backround.e8e3d87f186997fd15d8.png"
    />
  </div>,
  <input
    className="search-input"
    onChange={[Function]}
    placeholder="Search a country here"
    type="text"
    value=""
  />,
  <div
    className="status-bar"
  >
    <h2
      className="country-status"
    >
      Stats by Country
    </h2>
  </div>,
  <div
    className="div"
  >
    <a
      className="container"
      href="/countries/Test Country 1"
      onClick={[Function]}
    >
      <img
        alt="Test Country 1"
        className="flag"
        src="https://test-country-1-flag.png"
      />
      <div
        className="info"
      >
        <h2
          className="name"
        >
          Test Country 1
        </h2>
        <h2
          className="population"
        />
      </div>
    </a>
    <a
      className="container"
      href="/countries/Test Country 2"
      onClick={[Function]}
    >
      <img
        alt="Test Country 2"
        className="flag"
        src="https://test-country-2-flag.png"
      />
      <div
        className="info"
      >
        <h2
          className="name"
        >
          Test Country 2
        </h2>
        <h2
          className="population"
        />
      </div>
    </a>
    <a
      className="container"
      href="/countries/Test Country 3"
      onClick={[Function]}
    >
      <img
        alt="Test Country 3"
        className="flag"
        src="https://test-country-3-flag.png"
      />
      <div
        className="info"
      >
        <h2
          className="name"
        >
          Test Country 3
        </h2>
        <h2
          className="population"
        />
      </div>
    </a>
  </div>,
]
`;
