// Jest Snapshot v1, https://goo.gl/fbAQLP

exports[`Navigation Should display correctly 1`] = `
<div
  className="nav"
>
  <a
    href="/"
    onClick={[Function]}
  >
    <img
      alt="back"
      src="back.png"
    />
  </a>
  <h1>
    World Countries
  </h1>
  <div>
    <img
      alt="mic"
      src="mic.png"
    />
    <img
      alt="setting"
      src="setting.png"
    />
  </div>
</div>
`;
